main.c:135:5:__io_putchar	16	static
main.c:141:6:Log	16	static
main.c:146:6:USART_log	16	static
main.c:151:6:HAL_UART_RxCpltCallback	16	static
main.c:175:5:main	16	static
main.c:266:6:SystemClock_Config	88	static
main.c:312:13:MX_TIM2_Init	56	static
main.c:361:13:MX_TIM4_Init	48	static
main.c:410:13:MX_USART1_UART_Init	8	static
main.c:443:13:MX_GPIO_Init	40	static
main.c:468:6:startup	16	static
main.c:501:6:Process_UART_Data	88	static
main.c:549:6:Verify_Unique	56	static
main.c:593:6:GET_KEY	40	static
main.c:631:6:Matlab	56	static
main.c:720:6:KeyPad	920	static
main.c:886:6:WinApp	120	static
main.c:1004:6:Volume	56	static
main.c:1090:6:PID_setting	72	static
main.c:1199:6:Get_Number	24	static
main.c:1270:6:USART_Process_Data	56	static
main.c:1309:6:WiFi_Setting	16	static
main.c:1339:6:Error_Handler	4	static
