main.c:134:5:__io_putchar	16	static
main.c:140:6:Log	16	static
main.c:145:6:USART_log	16	static
main.c:150:6:HAL_UART_RxCpltCallback	16	static
main.c:176:5:main	16	static
main.c:271:6:SystemClock_Config	88	static
main.c:317:13:MX_TIM2_Init	56	static
main.c:366:13:MX_TIM4_Init	48	static
main.c:415:13:MX_USART1_UART_Init	8	static
main.c:448:13:MX_GPIO_Init	40	static
main.c:473:6:startup	16	static
main.c:506:6:Process_UART_Data	88	static
main.c:554:6:Verify_Unique	56	static
main.c:597:6:GET_KEY	40	static
main.c:635:6:Matlab	56	static
main.c:724:6:KeyPad	936	static
main.c:909:6:Volume	56	static
main.c:995:6:PID_setting	72	static
main.c:1104:6:Get_Number	24	static
main.c:1175:6:USART_Process_Data	56	static
main.c:1218:6:WiFi_Setting	16	static
main.c:1249:6:Error_Handler	4	static
